Archive member included to satisfy reference by file (symbol)

libelibc.a(crt0.o)            (crt0)
./libelibc.a(stdio.o)         read_text.o (putchar)
./libelibc.a(uart.o)          ./libelibc.a(stdio.o) (inbyte)
./libelibc.a(fat32.o)         read_text.o (read_file)
./libelibc.a(stdlib.o)        ./libelibc.a(fat32.o) (malloc)
./libelibc.a(string.o)        ./libelibc.a(fat32.o) (strncmp)
./libelibc.a(sd.o)            ./libelibc.a(fat32.o) (init_sd)
./libelibc.a(spi.o)           ./libelibc.a(sd.o) (spi_init)
/opt/riscv/lib/gcc/riscv32-unknown-elf/8.2.0/libgcc.a(adddf3.o)
                              ./libelibc.a(stdio.o) (__adddf3)
/opt/riscv/lib/gcc/riscv32-unknown-elf/8.2.0/libgcc.a(ledf2.o)
                              ./libelibc.a(stdio.o) (__ltdf2)
/opt/riscv/lib/gcc/riscv32-unknown-elf/8.2.0/libgcc.a(muldf3.o)
                              ./libelibc.a(stdio.o) (__muldf3)
/opt/riscv/lib/gcc/riscv32-unknown-elf/8.2.0/libgcc.a(subdf3.o)
                              ./libelibc.a(stdio.o) (__subdf3)
/opt/riscv/lib/gcc/riscv32-unknown-elf/8.2.0/libgcc.a(fixdfsi.o)
                              ./libelibc.a(stdio.o) (__fixdfsi)
/opt/riscv/lib/gcc/riscv32-unknown-elf/8.2.0/libgcc.a(floatsidf.o)
                              ./libelibc.a(stdio.o) (__floatsidf)
/opt/riscv/lib/gcc/riscv32-unknown-elf/8.2.0/libgcc.a(_clzsi2.o)
                              /opt/riscv/lib/gcc/riscv32-unknown-elf/8.2.0/libgcc.a(adddf3.o) (__clzsi2)
/opt/riscv/lib/gcc/riscv32-unknown-elf/8.2.0/libgcc.a(_clz.o)
                              /opt/riscv/lib/gcc/riscv32-unknown-elf/8.2.0/libgcc.a(_clzsi2.o) (__clz_tab)

Allocating common symbols
Common symbol       size              file

sp_store            0x4               libelibc.a(crt0.o)

Memory Configuration

Name             Origin             Length             Attributes
code_ram         0x0000000080000000 0x0000000000005000 xr !rw
data_ram         0x0000000080005000 0x0000000000003000 rw !x
*default*        0x0000000000000000 0xffffffffffffffff

Linker script and memory map

                0x0000000000000200                __stack_size = 0x200
                0x0000000082000000                __heap_start = 0x82000000
                0x000000000dff0000                __heap_size = 0xdff0000
                0x000000008ffffff0                __stack_top = 0x8ffffff0

.text           0x0000000080000000     0x39dc
 libelibc.a(.text)
 .text          0x0000000080000000       0x30 libelibc.a(crt0.o)
                0x0000000080000000                crt0
 *(.text)
 .text          0x0000000080000030        0x0 read_text.o
 .text          0x0000000080000030      0x758 ./libelibc.a(stdio.o)
                0x0000000080000030                getchar
                0x0000000080000048                putchar
                0x0000000080000074                fputs
                0x00000000800000f4                fgets
                0x00000000800001b8                putd
                0x0000000080000280                putx
                0x000000008000035c                putf
                0x0000000080000500                printf
 .text          0x0000000080000788       0x58 ./libelibc.a(uart.o)
                0x0000000080000788                inbyte
                0x00000000800007a4                outbyte
 .text          0x00000000800007e0      0x8c0 ./libelibc.a(fat32.o)
                0x00000000800007e0                get_next_cluster
                0x0000000080000868                copy_file
                0x0000000080000a14                get_partition_first_lba
                0x0000000080000dac                long2short
                0x0000000080000eb8                read_file
 .text          0x00000000800010a0      0x2e8 ./libelibc.a(stdlib.o)
                0x00000000800010a0                exit
                0x00000000800010f4                srand
                0x0000000080001100                rand
                0x0000000080001130                malloc
                0x0000000080001260                free
                0x000000008000128c                calloc
                0x00000000800012d0                atoi
                0x0000000080001378                abs
 .text          0x0000000080001388      0x4d0 ./libelibc.a(string.o)
                0x0000000080001388                strcpy
                0x0000000080001408                strcmp
                0x00000000800014a8                strncpy
                0x0000000080001568                strncmp
                0x000000008000163c                memcpy
                0x00000000800016fc                memmove
                0x0000000080001770                memset
                0x0000000080001790                strlen
                0x00000000800017c0                strcat
                0x0000000080001804                strncat
 .text          0x0000000080001858      0x828 ./libelibc.a(sd.o)
                0x0000000080001858                sd_dummy
                0x0000000080001860                sd_cmd
                0x00000000800018f8                print_status
                0x0000000080001934                sd_cmd0
                0x00000000800019f4                sd_cmd8
                0x0000000080001aa0                sd_cmd55
                0x0000000080001b04                sd_acmd41
                0x0000000080001b90                init_sd
                0x0000000080001c24                crc7
                0x0000000080001c48                crc16
                0x0000000080001ca4                sd_copy
                0x0000000080001e60                sd_write
 .text          0x0000000080002080      0x1b8 ./libelibc.a(spi.o)
                0x0000000080002080                write_reg
                0x0000000080002088                read_reg
                0x0000000080002090                spi_init
                0x000000008000211c                spi_txrx
                0x0000000080002184                spi_write_bytes
 .text          0x0000000080002238      0x7c0 /opt/riscv/lib/gcc/riscv32-unknown-elf/8.2.0/libgcc.a(adddf3.o)
                0x0000000080002238                __adddf3
 .text          0x00000000800029f8       0xe8 /opt/riscv/lib/gcc/riscv32-unknown-elf/8.2.0/libgcc.a(ledf2.o)
                0x00000000800029f8                __ltdf2
                0x00000000800029f8                __ledf2
 .text          0x0000000080002ae0      0x5c0 /opt/riscv/lib/gcc/riscv32-unknown-elf/8.2.0/libgcc.a(muldf3.o)
                0x0000000080002ae0                __muldf3
 .text          0x00000000800030a0      0x7c4 /opt/riscv/lib/gcc/riscv32-unknown-elf/8.2.0/libgcc.a(subdf3.o)
                0x00000000800030a0                __subdf3
 .text          0x0000000080003864       0x80 /opt/riscv/lib/gcc/riscv32-unknown-elf/8.2.0/libgcc.a(fixdfsi.o)
                0x0000000080003864                __fixdfsi
 .text          0x00000000800038e4       0xac /opt/riscv/lib/gcc/riscv32-unknown-elf/8.2.0/libgcc.a(floatsidf.o)
                0x00000000800038e4                __floatsidf
 .text          0x0000000080003990       0x4c /opt/riscv/lib/gcc/riscv32-unknown-elf/8.2.0/libgcc.a(_clzsi2.o)
                0x0000000080003990                __clzsi2
 .text          0x00000000800039dc        0x0 /opt/riscv/lib/gcc/riscv32-unknown-elf/8.2.0/libgcc.a(_clz.o)

.text.startup   0x00000000800039dc       0xcc
 .text.startup  0x00000000800039dc       0xcc read_text.o
                0x00000000800039dc                main

.srodata.cst8   0x0000000080003aa8        0x8
 .srodata.cst8  0x0000000080003aa8        0x8 ./libelibc.a(stdio.o)

.srodata        0x0000000080003ab0        0x8
 .srodata       0x0000000080003ab0        0x8 ./libelibc.a(stdlib.o)

.rela.dyn       0x0000000080003ab8        0x0
 .rela.text     0x0000000080003ab8        0x0 libelibc.a(crt0.o)
 .rela.sdata    0x0000000080003ab8        0x0 libelibc.a(crt0.o)
 .rela.srodata  0x0000000080003ab8        0x0 libelibc.a(crt0.o)

.data           0x0000000080005000     0x12a8
 *(.data)
 .data          0x0000000080005000        0x0 libelibc.a(crt0.o)
 .data          0x0000000080005000        0x0 read_text.o
 .data          0x0000000080005000        0x0 ./libelibc.a(stdio.o)
 .data          0x0000000080005000        0x0 ./libelibc.a(uart.o)
 .data          0x0000000080005000        0x0 ./libelibc.a(fat32.o)
 .data          0x0000000080005000        0x0 ./libelibc.a(stdlib.o)
 .data          0x0000000080005000        0x0 ./libelibc.a(string.o)
 .data          0x0000000080005000        0x0 ./libelibc.a(sd.o)
 .data          0x0000000080005000        0x0 ./libelibc.a(spi.o)
 .data          0x0000000080005000        0x0 /opt/riscv/lib/gcc/riscv32-unknown-elf/8.2.0/libgcc.a(adddf3.o)
 .data          0x0000000080005000        0x0 /opt/riscv/lib/gcc/riscv32-unknown-elf/8.2.0/libgcc.a(ledf2.o)
 .data          0x0000000080005000        0x0 /opt/riscv/lib/gcc/riscv32-unknown-elf/8.2.0/libgcc.a(muldf3.o)
 .data          0x0000000080005000        0x0 /opt/riscv/lib/gcc/riscv32-unknown-elf/8.2.0/libgcc.a(subdf3.o)
 .data          0x0000000080005000        0x0 /opt/riscv/lib/gcc/riscv32-unknown-elf/8.2.0/libgcc.a(fixdfsi.o)
 .data          0x0000000080005000        0x0 /opt/riscv/lib/gcc/riscv32-unknown-elf/8.2.0/libgcc.a(floatsidf.o)
 .data          0x0000000080005000        0x0 /opt/riscv/lib/gcc/riscv32-unknown-elf/8.2.0/libgcc.a(_clzsi2.o)
 .data          0x0000000080005000        0x0 /opt/riscv/lib/gcc/riscv32-unknown-elf/8.2.0/libgcc.a(_clz.o)
 *(.bss)
 .bss           0x0000000080005000        0x0 libelibc.a(crt0.o)
 .bss           0x0000000080005000        0x0 read_text.o
 .bss           0x0000000080005000        0x0 ./libelibc.a(stdio.o)
 .bss           0x0000000080005000        0x0 ./libelibc.a(uart.o)
 .bss           0x0000000080005000      0xa00 ./libelibc.a(fat32.o)
 .bss           0x0000000080005a00        0x0 ./libelibc.a(stdlib.o)
 .bss           0x0000000080005a00        0x0 ./libelibc.a(string.o)
 .bss           0x0000000080005a00       0x80 ./libelibc.a(sd.o)
 .bss           0x0000000080005a80        0x0 ./libelibc.a(spi.o)
 .bss           0x0000000080005a80        0x0 /opt/riscv/lib/gcc/riscv32-unknown-elf/8.2.0/libgcc.a(adddf3.o)
 .bss           0x0000000080005a80        0x0 /opt/riscv/lib/gcc/riscv32-unknown-elf/8.2.0/libgcc.a(ledf2.o)
 .bss           0x0000000080005a80        0x0 /opt/riscv/lib/gcc/riscv32-unknown-elf/8.2.0/libgcc.a(muldf3.o)
 .bss           0x0000000080005a80        0x0 /opt/riscv/lib/gcc/riscv32-unknown-elf/8.2.0/libgcc.a(subdf3.o)
 .bss           0x0000000080005a80        0x0 /opt/riscv/lib/gcc/riscv32-unknown-elf/8.2.0/libgcc.a(fixdfsi.o)
 .bss           0x0000000080005a80        0x0 /opt/riscv/lib/gcc/riscv32-unknown-elf/8.2.0/libgcc.a(floatsidf.o)
 .bss           0x0000000080005a80        0x0 /opt/riscv/lib/gcc/riscv32-unknown-elf/8.2.0/libgcc.a(_clzsi2.o)
 .bss           0x0000000080005a80        0x0 /opt/riscv/lib/gcc/riscv32-unknown-elf/8.2.0/libgcc.a(_clz.o)
 *(.rodata*)
 .rodata.str1.4
                0x0000000080005a80      0x158 read_text.o
 .rodata        0x0000000080005bd8       0x84 ./libelibc.a(stdio.o)
 .rodata.str1.4
                0x0000000080005c5c       0x7d ./libelibc.a(stdio.o)
 *fill*         0x0000000080005cd9        0x3 
 .rodata.str1.4
                0x0000000080005cdc      0x2e7 ./libelibc.a(fat32.o)
                                        0x2ef (size before relaxing)
 *fill*         0x0000000080005fc3        0x1 
 .rodata        0x0000000080005fc4       0xcc ./libelibc.a(stdlib.o)
 .rodata.str1.4
                0x0000000080006090       0xaa ./libelibc.a(sd.o)
 *fill*         0x000000008000613a        0x2 
 .rodata.str1.4
                0x000000008000613c       0x30 ./libelibc.a(spi.o)
                                         0x2e (size before relaxing)
 .rodata        0x000000008000616c       0x3c /opt/riscv/lib/gcc/riscv32-unknown-elf/8.2.0/libgcc.a(muldf3.o)
 .rodata        0x00000000800061a8      0x100 /opt/riscv/lib/gcc/riscv32-unknown-elf/8.2.0/libgcc.a(_clz.o)
                0x00000000800061a8                __clz_tab

.sdata          0x00000000800062a8       0x2c
 .sdata         0x00000000800062a8        0x4 libelibc.a(crt0.o)
                0x00000000800062a8                stack_top
 .sdata         0x00000000800062ac       0x1c ./libelibc.a(stdio.o)
                0x00000000800062ac                stderr
                0x00000000800062b0                stdout
                0x00000000800062b4                stdin
 .sdata         0x00000000800062c8        0xc ./libelibc.a(stdlib.o)

.stack          0x00000000800062e0      0x200
                0x00000000800064e0                . = (. + __stack_size)
 *fill*         0x00000000800062e0      0x200 
                0x00000000800064e0                __stack_top = .
LOAD read_text.o
LOAD ./libelibc.a
LOAD /opt/riscv/lib/gcc/riscv32-unknown-elf/8.2.0/libgcc.a
OUTPUT(read_text.elf elf32-littleriscv)

.comment        0x0000000000000000       0x11
 .comment       0x0000000000000000       0x11 libelibc.a(crt0.o)
                                         0x12 (size before relaxing)
 .comment       0x0000000000000011       0x12 read_text.o
 .comment       0x0000000000000011       0x12 ./libelibc.a(stdio.o)
 .comment       0x0000000000000011       0x12 ./libelibc.a(uart.o)
 .comment       0x0000000000000011       0x12 ./libelibc.a(fat32.o)
 .comment       0x0000000000000011       0x12 ./libelibc.a(stdlib.o)
 .comment       0x0000000000000011       0x12 ./libelibc.a(string.o)
 .comment       0x0000000000000011       0x12 ./libelibc.a(sd.o)
 .comment       0x0000000000000011       0x12 ./libelibc.a(spi.o)
 .comment       0x0000000000000011       0x12 /opt/riscv/lib/gcc/riscv32-unknown-elf/8.2.0/libgcc.a(adddf3.o)
 .comment       0x0000000000000011       0x12 /opt/riscv/lib/gcc/riscv32-unknown-elf/8.2.0/libgcc.a(ledf2.o)
 .comment       0x0000000000000011       0x12 /opt/riscv/lib/gcc/riscv32-unknown-elf/8.2.0/libgcc.a(muldf3.o)
 .comment       0x0000000000000011       0x12 /opt/riscv/lib/gcc/riscv32-unknown-elf/8.2.0/libgcc.a(subdf3.o)
 .comment       0x0000000000000011       0x12 /opt/riscv/lib/gcc/riscv32-unknown-elf/8.2.0/libgcc.a(fixdfsi.o)
 .comment       0x0000000000000011       0x12 /opt/riscv/lib/gcc/riscv32-unknown-elf/8.2.0/libgcc.a(floatsidf.o)
 .comment       0x0000000000000011       0x12 /opt/riscv/lib/gcc/riscv32-unknown-elf/8.2.0/libgcc.a(_clzsi2.o)
 .comment       0x0000000000000011       0x12 /opt/riscv/lib/gcc/riscv32-unknown-elf/8.2.0/libgcc.a(_clz.o)

.bss            0x00000000800064e0        0x4
 COMMON         0x00000000800064e0        0x4 libelibc.a(crt0.o)
                0x00000000800064e0                sp_store

.sbss           0x00000000800064e4        0x8
 .sbss          0x00000000800064e4        0x8 ./libelibc.a(stdio.o)

.debug_info     0x0000000000000000     0x30f4
 .debug_info    0x0000000000000000      0x5a5 /opt/riscv/lib/gcc/riscv32-unknown-elf/8.2.0/libgcc.a(adddf3.o)
 .debug_info    0x00000000000005a5      0x284 /opt/riscv/lib/gcc/riscv32-unknown-elf/8.2.0/libgcc.a(ledf2.o)
 .debug_info    0x0000000000000829      0x768 /opt/riscv/lib/gcc/riscv32-unknown-elf/8.2.0/libgcc.a(muldf3.o)
 .debug_info    0x0000000000000f91      0x5a5 /opt/riscv/lib/gcc/riscv32-unknown-elf/8.2.0/libgcc.a(subdf3.o)
 .debug_info    0x0000000000001536      0x217 /opt/riscv/lib/gcc/riscv32-unknown-elf/8.2.0/libgcc.a(fixdfsi.o)
 .debug_info    0x000000000000174d      0x2bc /opt/riscv/lib/gcc/riscv32-unknown-elf/8.2.0/libgcc.a(floatsidf.o)
 .debug_info    0x0000000000001a09      0xbac /opt/riscv/lib/gcc/riscv32-unknown-elf/8.2.0/libgcc.a(_clzsi2.o)
 .debug_info    0x00000000000025b5      0xb3f /opt/riscv/lib/gcc/riscv32-unknown-elf/8.2.0/libgcc.a(_clz.o)

.debug_abbrev   0x0000000000000000      0xd6e
 .debug_abbrev  0x0000000000000000      0x196 /opt/riscv/lib/gcc/riscv32-unknown-elf/8.2.0/libgcc.a(adddf3.o)
 .debug_abbrev  0x0000000000000196      0x188 /opt/riscv/lib/gcc/riscv32-unknown-elf/8.2.0/libgcc.a(ledf2.o)
 .debug_abbrev  0x000000000000031e      0x18e /opt/riscv/lib/gcc/riscv32-unknown-elf/8.2.0/libgcc.a(muldf3.o)
 .debug_abbrev  0x00000000000004ac      0x196 /opt/riscv/lib/gcc/riscv32-unknown-elf/8.2.0/libgcc.a(subdf3.o)
 .debug_abbrev  0x0000000000000642      0x18a /opt/riscv/lib/gcc/riscv32-unknown-elf/8.2.0/libgcc.a(fixdfsi.o)
 .debug_abbrev  0x00000000000007cc      0x178 /opt/riscv/lib/gcc/riscv32-unknown-elf/8.2.0/libgcc.a(floatsidf.o)
 .debug_abbrev  0x0000000000000944      0x242 /opt/riscv/lib/gcc/riscv32-unknown-elf/8.2.0/libgcc.a(_clzsi2.o)
 .debug_abbrev  0x0000000000000b86      0x1e8 /opt/riscv/lib/gcc/riscv32-unknown-elf/8.2.0/libgcc.a(_clz.o)

.debug_loc      0x0000000000000000     0x35fe
 .debug_loc     0x0000000000000000     0x1207 /opt/riscv/lib/gcc/riscv32-unknown-elf/8.2.0/libgcc.a(adddf3.o)
 .debug_loc     0x0000000000001207       0xec /opt/riscv/lib/gcc/riscv32-unknown-elf/8.2.0/libgcc.a(ledf2.o)
 .debug_loc     0x00000000000012f3      0xdc4 /opt/riscv/lib/gcc/riscv32-unknown-elf/8.2.0/libgcc.a(muldf3.o)
 .debug_loc     0x00000000000020b7     0x1221 /opt/riscv/lib/gcc/riscv32-unknown-elf/8.2.0/libgcc.a(subdf3.o)
 .debug_loc     0x00000000000032d8      0x16d /opt/riscv/lib/gcc/riscv32-unknown-elf/8.2.0/libgcc.a(fixdfsi.o)
 .debug_loc     0x0000000000003445      0x14e /opt/riscv/lib/gcc/riscv32-unknown-elf/8.2.0/libgcc.a(floatsidf.o)
 .debug_loc     0x0000000000003593       0x6b /opt/riscv/lib/gcc/riscv32-unknown-elf/8.2.0/libgcc.a(_clzsi2.o)

.debug_aranges  0x0000000000000000       0xf8
 .debug_aranges
                0x0000000000000000       0x20 /opt/riscv/lib/gcc/riscv32-unknown-elf/8.2.0/libgcc.a(adddf3.o)
 .debug_aranges
                0x0000000000000020       0x20 /opt/riscv/lib/gcc/riscv32-unknown-elf/8.2.0/libgcc.a(ledf2.o)
 .debug_aranges
                0x0000000000000040       0x20 /opt/riscv/lib/gcc/riscv32-unknown-elf/8.2.0/libgcc.a(muldf3.o)
 .debug_aranges
                0x0000000000000060       0x20 /opt/riscv/lib/gcc/riscv32-unknown-elf/8.2.0/libgcc.a(subdf3.o)
 .debug_aranges
                0x0000000000000080       0x20 /opt/riscv/lib/gcc/riscv32-unknown-elf/8.2.0/libgcc.a(fixdfsi.o)
 .debug_aranges
                0x00000000000000a0       0x20 /opt/riscv/lib/gcc/riscv32-unknown-elf/8.2.0/libgcc.a(floatsidf.o)
 .debug_aranges
                0x00000000000000c0       0x20 /opt/riscv/lib/gcc/riscv32-unknown-elf/8.2.0/libgcc.a(_clzsi2.o)
 .debug_aranges
                0x00000000000000e0       0x18 /opt/riscv/lib/gcc/riscv32-unknown-elf/8.2.0/libgcc.a(_clz.o)

.debug_ranges   0x0000000000000000      0x6e8
 .debug_ranges  0x0000000000000000      0x210 /opt/riscv/lib/gcc/riscv32-unknown-elf/8.2.0/libgcc.a(adddf3.o)
 .debug_ranges  0x0000000000000210       0x68 /opt/riscv/lib/gcc/riscv32-unknown-elf/8.2.0/libgcc.a(ledf2.o)
 .debug_ranges  0x0000000000000278      0x1e8 /opt/riscv/lib/gcc/riscv32-unknown-elf/8.2.0/libgcc.a(muldf3.o)
 .debug_ranges  0x0000000000000460      0x1e8 /opt/riscv/lib/gcc/riscv32-unknown-elf/8.2.0/libgcc.a(subdf3.o)
 .debug_ranges  0x0000000000000648       0x18 /opt/riscv/lib/gcc/riscv32-unknown-elf/8.2.0/libgcc.a(fixdfsi.o)
 .debug_ranges  0x0000000000000660       0x68 /opt/riscv/lib/gcc/riscv32-unknown-elf/8.2.0/libgcc.a(floatsidf.o)
 .debug_ranges  0x00000000000006c8       0x20 /opt/riscv/lib/gcc/riscv32-unknown-elf/8.2.0/libgcc.a(_clzsi2.o)

.debug_line     0x0000000000000000     0x35aa
 .debug_line    0x0000000000000000      0xef2 /opt/riscv/lib/gcc/riscv32-unknown-elf/8.2.0/libgcc.a(adddf3.o)
 .debug_line    0x0000000000000ef2      0x2f5 /opt/riscv/lib/gcc/riscv32-unknown-elf/8.2.0/libgcc.a(ledf2.o)
 .debug_line    0x00000000000011e7      0xc0a /opt/riscv/lib/gcc/riscv32-unknown-elf/8.2.0/libgcc.a(muldf3.o)
 .debug_line    0x0000000000001df1      0xf2f /opt/riscv/lib/gcc/riscv32-unknown-elf/8.2.0/libgcc.a(subdf3.o)
 .debug_line    0x0000000000002d20      0x219 /opt/riscv/lib/gcc/riscv32-unknown-elf/8.2.0/libgcc.a(fixdfsi.o)
 .debug_line    0x0000000000002f39      0x229 /opt/riscv/lib/gcc/riscv32-unknown-elf/8.2.0/libgcc.a(floatsidf.o)
 .debug_line    0x0000000000003162      0x265 /opt/riscv/lib/gcc/riscv32-unknown-elf/8.2.0/libgcc.a(_clzsi2.o)
 .debug_line    0x00000000000033c7      0x1e3 /opt/riscv/lib/gcc/riscv32-unknown-elf/8.2.0/libgcc.a(_clz.o)

.debug_str      0x0000000000000000      0xc20
 .debug_str     0x0000000000000000      0x2da /opt/riscv/lib/gcc/riscv32-unknown-elf/8.2.0/libgcc.a(adddf3.o)
                                        0x31a (size before relaxing)
 .debug_str     0x00000000000002da       0x77 /opt/riscv/lib/gcc/riscv32-unknown-elf/8.2.0/libgcc.a(ledf2.o)
                                        0x258 (size before relaxing)
 .debug_str     0x0000000000000351      0x236 /opt/riscv/lib/gcc/riscv32-unknown-elf/8.2.0/libgcc.a(muldf3.o)
                                        0x434 (size before relaxing)
 .debug_str     0x0000000000000587       0x36 /opt/riscv/lib/gcc/riscv32-unknown-elf/8.2.0/libgcc.a(subdf3.o)
                                        0x31a (size before relaxing)
 .debug_str     0x00000000000005bd       0x53 /opt/riscv/lib/gcc/riscv32-unknown-elf/8.2.0/libgcc.a(fixdfsi.o)
                                        0x231 (size before relaxing)
 .debug_str     0x0000000000000610       0x69 /opt/riscv/lib/gcc/riscv32-unknown-elf/8.2.0/libgcc.a(floatsidf.o)
                                        0x2c7 (size before relaxing)
 .debug_str     0x0000000000000679      0x5a7 /opt/riscv/lib/gcc/riscv32-unknown-elf/8.2.0/libgcc.a(_clzsi2.o)
                                        0x772 (size before relaxing)
 .debug_str     0x0000000000000c20      0x755 /opt/riscv/lib/gcc/riscv32-unknown-elf/8.2.0/libgcc.a(_clz.o)

.debug_frame    0x0000000000000000      0x174
 .debug_frame   0x0000000000000000       0x44 /opt/riscv/lib/gcc/riscv32-unknown-elf/8.2.0/libgcc.a(adddf3.o)
 .debug_frame   0x0000000000000044       0x20 /opt/riscv/lib/gcc/riscv32-unknown-elf/8.2.0/libgcc.a(ledf2.o)
 .debug_frame   0x0000000000000064       0x54 /opt/riscv/lib/gcc/riscv32-unknown-elf/8.2.0/libgcc.a(muldf3.o)
 .debug_frame   0x00000000000000b8       0x44 /opt/riscv/lib/gcc/riscv32-unknown-elf/8.2.0/libgcc.a(subdf3.o)
 .debug_frame   0x00000000000000fc       0x20 /opt/riscv/lib/gcc/riscv32-unknown-elf/8.2.0/libgcc.a(fixdfsi.o)
 .debug_frame   0x000000000000011c       0x38 /opt/riscv/lib/gcc/riscv32-unknown-elf/8.2.0/libgcc.a(floatsidf.o)
 .debug_frame   0x0000000000000154       0x20 /opt/riscv/lib/gcc/riscv32-unknown-elf/8.2.0/libgcc.a(_clzsi2.o)
